// Jest Snapshot v1, https://goo.gl/fbAQLP

exports[`Index Page renders correctly 1`] = `
<DocumentFragment>
  <div
    class="m-0 flex flex-col w-screen h-screen text-white"
  >
    <header
      class="w-screen flex bg-gray-800"
    >
      <nav
        class="w-full flex justify-between"
      >
        <div
          class="p-4"
        >
          <a
            class="text-2xl uppercase"
            href="/"
          >
            <img
              alt="logo"
              src="/title.png"
            />
          </a>
        </div>
        <ul
          class="flex items-center justify-between"
        >
          <li
            class="px-4 uppercase hover:bg-gray-900 p-4 h-full leading-10 cursor-pointer"
          >
            <a>
              Login
            </a>
          </li>
          <li
            class="px-4 uppercase hover:bg-gray-900 p-4 h-full leading-10 cursor-pointer"
          >
            <a>
              About
            </a>
          </li>
        </ul>
      </nav>
    </header>
    <main>
      <h1
        class="text-xl text-center m-4"
        data-testid="helloH1"
      >
        Let's go.
      </h1>
    </main>
  </div>
</DocumentFragment>
`;
